R1_RUNTIME_S=70.725840
  1x5 struct array with fields:

    method_id
    category
    nominal_row_count
    unique_physical_scenario_count
    unique_parameter_vector_count
    unique_observation_count
    observation_cluster_count
    duplicate_observation_count
    effective_denominator
    accepted_count
    false_unique_definition
    false_unique_evaluable_count
    false_unique_numerator
    false_unique_denominator
    false_unique_rate
    false_unique_ci_low
    false_unique_ci_high
    topology_set_accuracy
    topology_set_accuracy_ci_low
    topology_set_accuracy_ci_high
    equivalence_class_accuracy
    equivalence_class_accuracy_ci_low
    equivalence_class_accuracy_ci_high
    strict_unique_numerator
    strict_unique_accuracy
    strict_unique_ci_low
    strict_unique_ci_high
    topology_acceptance_numerator
    topology_acceptance_coverage
    topology_acceptance_ci_low
    topology_acceptance_ci_high
    topology_selective_risk_numerator
    topology_selective_risk
    topology_selective_risk_ci_low
    topology_selective_risk_ci_high
    parameter_evaluable_count
    parameter_decision_numerator
    parameter_decision_coverage
    parameter_decision_ci_low
    parameter_decision_ci_high
    parameter_selective_risk_numerator
    parameter_selective_risk
    parameter_selective_risk_ci_low
    parameter_selective_risk_ci_high
    parameter_indeterminate_numerator
    parameter_indeterminate_rate
    parameter_indeterminate_ci_low
    parameter_indeterminate_ci_high
    ood_numerator
    in_domain_numerator
    ood_recall_numerator
    ood_recall
    ood_recall_ci_low
    ood_recall_ci_high
    ood_false_accept_numerator
    ood_false_acceptance_rate
    ood_false_acceptance_ci_low
    ood_false_acceptance_ci_high
    in_domain_false_alarm_numerator
    in_domain_false_alarm
    in_domain_false_alarm_ci_low
    in_domain_false_alarm_ci_high
    end_to_end_numerator
    end_to_end_coverage
    end_to_end_coverage_ci_low
    end_to_end_coverage_ci_high
    end_to_end_selective_risk_numerator
    end_to_end_selective_risk
    end_to_end_selective_risk_ci_low
    end_to_end_selective_risk_ci_high
    indeterminate_numerator
    indeterminate_rate
    indeterminate_ci_low
    indeterminate_ci_high
    evaluable_count
    definition_version
