Stage 7A.13: 3/36 paired observations.
Stage 7A.13: 6/36 paired observations.
Stage 7A.13: 9/36 paired observations.
Stage 7A.13: 12/36 paired observations.
Stage 7A.13: 15/36 paired observations.
Stage 7A.13: 18/36 paired observations.
Stage 7A.13: 21/36 paired observations.
Stage 7A.13: 24/36 paired observations.
Stage 7A.13: 27/36 paired observations.
Stage 7A.13: 30/36 paired observations.
Stage 7A.13: 33/36 paired observations.
Stage 7A.13: 36/36 paired observations.
{Unrecognized function or variable 'summary_row'.

Error in exp_stage7a13_study>summarize (line 318)
    rows=repmat(summary_row(),height(keys),1);

Error in exp_stage7a13_study (line 218)
    summary=summarize(sample_table);

Error in run_stage7a13_study (line 8)
    result=exp_stage7a13_study(root,mode,run_id);
}
