post-commit reproduction / Stage 7A.4 original 15m continuous audit
MATLAB 24.1.0.2537033 (R2024a) glnxa64; bank=f8e5b8a7a5e55a7411208b230d5991eead4b0ddb9fb1c69f4d48a03d0f6dcf0c, cache=2993632 bytes, C trigger pair/original=1/0
on_on 20 dB: E/A/F/T 12/16/16/16; elapsed 93.41 s
on_on 10 dB: E/A/F/T 12/16/16/16; elapsed 166.76 s
off_off 20 dB: E/A/F/T 12/16/16/16; elapsed 375.35 s
off_off 10 dB: E/A/F/T 12/16/16/16; elapsed 495.13 s
Stage 7A.4 15m smoke complete: 4608 rows, 542.41 s
post-commit reproduction / Stage 7A.4 original 15m continuous audit
MATLAB 24.1.0.2537033 (R2024a) glnxa64; bank=f8e5b8a7a5e55a7411208b230d5991eead4b0ddb9fb1c69f4d48a03d0f6dcf0c, cache=2993632 bytes, C trigger pair/original=1/0
on_on 20 dB: E/A/F/T 12/16/16/16; elapsed 65.05 s
on_on 10 dB: E/A/F/T 12/16/16/16; elapsed 123.57 s
off_off 20 dB: E/A/F/T 12/16/16/16; elapsed 258.24 s
off_off 10 dB: E/A/F/T 12/16/16/16; elapsed 326.27 s
Stage 7A.4 15m smoke complete: 3328 rows, 334.03 s
post-commit reproduction / Stage 7A.4 original 15m continuous audit
MATLAB 24.1.0.2537033 (R2024a) glnxa64; bank=f8e5b8a7a5e55a7411208b230d5991eead4b0ddb9fb1c69f4d48a03d0f6dcf0c, cache=2993632 bytes, C trigger pair/original=1/0
on_on 20 dB: E/A/F/T 12/16/16/16; elapsed 22.73 s
on_on 10 dB: E/A/F/T 12/16/16/16; elapsed 44.07 s
off_off 20 dB: E/A/F/T 12/16/16/16; elapsed 79.81 s
off_off 10 dB: E/A/F/T 12/16/16/16; elapsed 101.15 s
Stage 7A.4 15m smoke complete: 2496 rows, 109.55 s
