EXP16 calibration scenario 1/3 kind 1/5 complete
EXP16 calibration scenario 1/3 kind 1/5 complete
EXP16 calibration scenario 1/3 kind 1/5 complete
EXP16 calibration scenario 1/3 kind 1/5 complete
EXP16 calibration scenario 1/3 kind 2/5 complete
EXP16 calibration scenario 1/3 kind 2/5 complete
EXP16 calibration scenario 1/3 kind 2/5 complete
EXP16 calibration scenario 1/3 kind 2/5 complete
EXP16 calibration scenario 1/3 kind 3/5 complete
EXP16 calibration scenario 1/3 kind 3/5 complete
EXP16 calibration scenario 1/3 kind 3/5 complete
EXP16 calibration scenario 1/3 kind 3/5 complete
EXP16 calibration scenario 1/3 kind 4/5 complete
EXP16 calibration scenario 1/3 kind 4/5 complete
EXP16 calibration scenario 1/3 kind 4/5 complete
EXP16 calibration scenario 1/3 kind 4/5 complete
EXP16 calibration scenario 1/3 kind 5/5 complete
EXP16 calibration scenario 1/3 kind 5/5 complete
EXP16 calibration scenario 1/3 kind 5/5 complete
EXP16 calibration scenario 1/3 kind 5/5 complete
EXP16 calibration scenario 2/3 kind 1/5 complete
EXP16 calibration scenario 2/3 kind 1/5 complete
EXP16 calibration scenario 2/3 kind 1/5 complete
EXP16 calibration scenario 2/3 kind 1/5 complete
EXP16 calibration scenario 2/3 kind 2/5 complete
EXP16 calibration scenario 2/3 kind 2/5 complete
EXP16 calibration scenario 2/3 kind 2/5 complete
EXP16 calibration scenario 2/3 kind 2/5 complete
EXP16 calibration scenario 2/3 kind 3/5 complete
EXP16 calibration scenario 2/3 kind 3/5 complete
EXP16 calibration scenario 2/3 kind 3/5 complete
EXP16 calibration scenario 2/3 kind 3/5 complete
EXP16 calibration scenario 2/3 kind 4/5 complete
EXP16 calibration scenario 2/3 kind 4/5 complete
EXP16 calibration scenario 2/3 kind 4/5 complete
EXP16 calibration scenario 2/3 kind 4/5 complete
EXP16 calibration scenario 2/3 kind 5/5 complete
EXP16 calibration scenario 2/3 kind 5/5 complete
EXP16 calibration scenario 2/3 kind 5/5 complete
EXP16 calibration scenario 2/3 kind 5/5 complete
EXP16 calibration scenario 3/3 kind 1/5 complete
EXP16 calibration scenario 3/3 kind 1/5 complete
EXP16 calibration scenario 3/3 kind 1/5 complete
EXP16 calibration scenario 3/3 kind 1/5 complete
EXP16 calibration scenario 3/3 kind 2/5 complete
EXP16 calibration scenario 3/3 kind 2/5 complete
EXP16 calibration scenario 3/3 kind 2/5 complete
EXP16 calibration scenario 3/3 kind 2/5 complete
EXP16 calibration scenario 3/3 kind 3/5 complete
EXP16 calibration scenario 3/3 kind 3/5 complete
EXP16 calibration scenario 3/3 kind 3/5 complete
EXP16 calibration scenario 3/3 kind 3/5 complete
EXP16 calibration scenario 3/3 kind 4/5 complete
EXP16 calibration scenario 3/3 kind 4/5 complete
EXP16 calibration scenario 3/3 kind 4/5 complete
EXP16 calibration scenario 3/3 kind 4/5 complete
EXP16 calibration scenario 3/3 kind 5/5 complete
EXP16 calibration scenario 3/3 kind 5/5 complete
EXP16 calibration scenario 3/3 kind 5/5 complete
EXP16 calibration scenario 3/3 kind 5/5 complete
EXP16 test scenario 1/3 kind 1/5 complete
EXP16 test scenario 1/3 kind 1/5 complete
EXP16 test scenario 1/3 kind 1/5 complete
EXP16 test scenario 1/3 kind 1/5 complete
EXP16 test scenario 1/3 kind 2/5 complete
EXP16 test scenario 1/3 kind 2/5 complete
EXP16 test scenario 1/3 kind 2/5 complete
EXP16 test scenario 1/3 kind 2/5 complete
EXP16 test scenario 1/3 kind 3/5 complete
EXP16 test scenario 1/3 kind 3/5 complete
EXP16 test scenario 1/3 kind 3/5 complete
EXP16 test scenario 1/3 kind 3/5 complete
EXP16 test scenario 1/3 kind 4/5 complete
EXP16 test scenario 1/3 kind 4/5 complete
EXP16 test scenario 1/3 kind 4/5 complete
EXP16 test scenario 1/3 kind 4/5 complete
EXP16 test scenario 1/3 kind 5/5 complete
EXP16 test scenario 1/3 kind 5/5 complete
EXP16 test scenario 1/3 kind 5/5 complete
EXP16 test scenario 1/3 kind 5/5 complete
EXP16 test scenario 2/3 kind 1/5 complete
EXP16 test scenario 2/3 kind 1/5 complete
EXP16 test scenario 2/3 kind 1/5 complete
EXP16 test scenario 2/3 kind 1/5 complete
EXP16 test scenario 2/3 kind 2/5 complete
EXP16 test scenario 2/3 kind 2/5 complete
EXP16 test scenario 2/3 kind 2/5 complete
EXP16 test scenario 2/3 kind 2/5 complete
EXP16 test scenario 2/3 kind 3/5 complete
EXP16 test scenario 2/3 kind 3/5 complete
EXP16 test scenario 2/3 kind 3/5 complete
EXP16 test scenario 2/3 kind 3/5 complete
EXP16 test scenario 2/3 kind 4/5 complete
EXP16 test scenario 2/3 kind 4/5 complete
EXP16 test scenario 2/3 kind 4/5 complete
EXP16 test scenario 2/3 kind 4/5 complete
EXP16 test scenario 2/3 kind 5/5 complete
EXP16 test scenario 2/3 kind 5/5 complete
EXP16 test scenario 2/3 kind 5/5 complete
EXP16 test scenario 2/3 kind 5/5 complete
EXP16 test scenario 3/3 kind 1/5 complete
EXP16 test scenario 3/3 kind 1/5 complete
EXP16 test scenario 3/3 kind 1/5 complete
EXP16 test scenario 3/3 kind 1/5 complete
EXP16 test scenario 3/3 kind 2/5 complete
EXP16 test scenario 3/3 kind 2/5 complete
EXP16 test scenario 3/3 kind 2/5 complete
EXP16 test scenario 3/3 kind 2/5 complete
EXP16 test scenario 3/3 kind 3/5 complete
EXP16 test scenario 3/3 kind 3/5 complete
EXP16 test scenario 3/3 kind 3/5 complete
EXP16 test scenario 3/3 kind 3/5 complete
EXP16 test scenario 3/3 kind 4/5 complete
EXP16 test scenario 3/3 kind 4/5 complete
EXP16 test scenario 3/3 kind 4/5 complete
EXP16 test scenario 3/3 kind 4/5 complete
EXP16 test scenario 3/3 kind 5/5 complete
EXP16 test scenario 3/3 kind 5/5 complete
EXP16 test scenario 3/3 kind 5/5 complete
EXP16 test scenario 3/3 kind 5/5 complete
[Warning: MATLAB has disabled some advanced graphics rendering features by
switching to software OpenGL. For more information, click <a
href="matlab:opengl('problems')">here</a>.]
EXP16 Stage 3A.2 protocol audit completed: calibration=240 test=360 lambda=0.05 elapsed=24.929 s
                               mode: 'stage3a_2_protocol_smoke'
                   calibration_rows: 240
                          test_rows: 360
                       summary_rows: 105
                     confusion_rows: 188
                    selected_lambda: 0.0500
                          grid_size: 27
    calibration_trials_per_topology: 1
           test_trials_per_topology: 2
                          elapsed_s: 24.9290

EXP16 calibration scenario 1/3 kind 1/5 complete
EXP16 calibration scenario 1/3 kind 1/5 complete
EXP16 calibration scenario 1/3 kind 1/5 complete
EXP16 calibration scenario 1/3 kind 1/5 complete
EXP16 calibration scenario 1/3 kind 2/5 complete
EXP16 calibration scenario 1/3 kind 2/5 complete
EXP16 calibration scenario 1/3 kind 2/5 complete
EXP16 calibration scenario 1/3 kind 2/5 complete
EXP16 calibration scenario 1/3 kind 3/5 complete
EXP16 calibration scenario 1/3 kind 3/5 complete
EXP16 calibration scenario 1/3 kind 3/5 complete
EXP16 calibration scenario 1/3 kind 3/5 complete
EXP16 calibration scenario 1/3 kind 4/5 complete
EXP16 calibration scenario 1/3 kind 4/5 complete
EXP16 calibration scenario 1/3 kind 4/5 complete
EXP16 calibration scenario 1/3 kind 4/5 complete
EXP16 calibration scenario 1/3 kind 5/5 complete
EXP16 calibration scenario 1/3 kind 5/5 complete
EXP16 calibration scenario 1/3 kind 5/5 complete
EXP16 calibration scenario 1/3 kind 5/5 complete
EXP16 calibration scenario 2/3 kind 1/5 complete
EXP16 calibration scenario 2/3 kind 1/5 complete
EXP16 calibration scenario 2/3 kind 1/5 complete
EXP16 calibration scenario 2/3 kind 1/5 complete
EXP16 calibration scenario 2/3 kind 2/5 complete
EXP16 calibration scenario 2/3 kind 2/5 complete
EXP16 calibration scenario 2/3 kind 2/5 complete
EXP16 calibration scenario 2/3 kind 2/5 complete
EXP16 calibration scenario 2/3 kind 3/5 complete
EXP16 calibration scenario 2/3 kind 3/5 complete
EXP16 calibration scenario 2/3 kind 3/5 complete
EXP16 calibration scenario 2/3 kind 3/5 complete
EXP16 calibration scenario 2/3 kind 4/5 complete
EXP16 calibration scenario 2/3 kind 4/5 complete
EXP16 calibration scenario 2/3 kind 4/5 complete
EXP16 calibration scenario 2/3 kind 4/5 complete
EXP16 calibration scenario 2/3 kind 5/5 complete
EXP16 calibration scenario 2/3 kind 5/5 complete
EXP16 calibration scenario 2/3 kind 5/5 complete
EXP16 calibration scenario 2/3 kind 5/5 complete
EXP16 calibration scenario 3/3 kind 1/5 complete
EXP16 calibration scenario 3/3 kind 1/5 complete
EXP16 calibration scenario 3/3 kind 1/5 complete
EXP16 calibration scenario 3/3 kind 1/5 complete
EXP16 calibration scenario 3/3 kind 2/5 complete
EXP16 calibration scenario 3/3 kind 2/5 complete
EXP16 calibration scenario 3/3 kind 2/5 complete
EXP16 calibration scenario 3/3 kind 2/5 complete
EXP16 calibration scenario 3/3 kind 3/5 complete
EXP16 calibration scenario 3/3 kind 3/5 complete
EXP16 calibration scenario 3/3 kind 3/5 complete
EXP16 calibration scenario 3/3 kind 3/5 complete
EXP16 calibration scenario 3/3 kind 4/5 complete
EXP16 calibration scenario 3/3 kind 4/5 complete
EXP16 calibration scenario 3/3 kind 4/5 complete
EXP16 calibration scenario 3/3 kind 4/5 complete
EXP16 calibration scenario 3/3 kind 5/5 complete
EXP16 calibration scenario 3/3 kind 5/5 complete
EXP16 calibration scenario 3/3 kind 5/5 complete
EXP16 calibration scenario 3/3 kind 5/5 complete
EXP16 test scenario 1/3 kind 1/5 complete
EXP16 test scenario 1/3 kind 1/5 complete
EXP16 test scenario 1/3 kind 1/5 complete
EXP16 test scenario 1/3 kind 1/5 complete
EXP16 test scenario 1/3 kind 2/5 complete
EXP16 test scenario 1/3 kind 2/5 complete
EXP16 test scenario 1/3 kind 2/5 complete
EXP16 test scenario 1/3 kind 2/5 complete
EXP16 test scenario 1/3 kind 3/5 complete
EXP16 test scenario 1/3 kind 3/5 complete
EXP16 test scenario 1/3 kind 3/5 complete
EXP16 test scenario 1/3 kind 3/5 complete
EXP16 test scenario 1/3 kind 4/5 complete
EXP16 test scenario 1/3 kind 4/5 complete
EXP16 test scenario 1/3 kind 4/5 complete
EXP16 test scenario 1/3 kind 4/5 complete
EXP16 test scenario 1/3 kind 5/5 complete
EXP16 test scenario 1/3 kind 5/5 complete
EXP16 test scenario 1/3 kind 5/5 complete
EXP16 test scenario 1/3 kind 5/5 complete
EXP16 test scenario 2/3 kind 1/5 complete
EXP16 test scenario 2/3 kind 1/5 complete
EXP16 test scenario 2/3 kind 1/5 complete
EXP16 test scenario 2/3 kind 1/5 complete
EXP16 test scenario 2/3 kind 2/5 complete
EXP16 test scenario 2/3 kind 2/5 complete
EXP16 test scenario 2/3 kind 2/5 complete
EXP16 test scenario 2/3 kind 2/5 complete
EXP16 test scenario 2/3 kind 3/5 complete
EXP16 test scenario 2/3 kind 3/5 complete
EXP16 test scenario 2/3 kind 3/5 complete
EXP16 test scenario 2/3 kind 3/5 complete
EXP16 test scenario 2/3 kind 4/5 complete
EXP16 test scenario 2/3 kind 4/5 complete
EXP16 test scenario 2/3 kind 4/5 complete
EXP16 test scenario 2/3 kind 4/5 complete
EXP16 test scenario 2/3 kind 5/5 complete
EXP16 test scenario 2/3 kind 5/5 complete
EXP16 test scenario 2/3 kind 5/5 complete
EXP16 test scenario 2/3 kind 5/5 complete
EXP16 test scenario 3/3 kind 1/5 complete
EXP16 test scenario 3/3 kind 1/5 complete
EXP16 test scenario 3/3 kind 1/5 complete
EXP16 test scenario 3/3 kind 1/5 complete
EXP16 test scenario 3/3 kind 2/5 complete
EXP16 test scenario 3/3 kind 2/5 complete
EXP16 test scenario 3/3 kind 2/5 complete
EXP16 test scenario 3/3 kind 2/5 complete
EXP16 test scenario 3/3 kind 3/5 complete
EXP16 test scenario 3/3 kind 3/5 complete
EXP16 test scenario 3/3 kind 3/5 complete
EXP16 test scenario 3/3 kind 3/5 complete
EXP16 test scenario 3/3 kind 4/5 complete
EXP16 test scenario 3/3 kind 4/5 complete
EXP16 test scenario 3/3 kind 4/5 complete
EXP16 test scenario 3/3 kind 4/5 complete
EXP16 test scenario 3/3 kind 5/5 complete
EXP16 test scenario 3/3 kind 5/5 complete
EXP16 test scenario 3/3 kind 5/5 complete
EXP16 test scenario 3/3 kind 5/5 complete
[Warning: MATLAB has disabled some advanced graphics rendering features by
switching to software OpenGL. For more information, click <a
href="matlab:opengl('problems')">here</a>.]
EXP16 Stage 3A.2 protocol audit completed: calibration=240 test=360 lambda=0.05 elapsed=22.317 s
                               mode: 'stage3a_2_protocol_smoke'
                   calibration_rows: 240
                          test_rows: 360
                       summary_rows: 105
                     confusion_rows: 194
                    selected_lambda: 0.0500
                          grid_size: 27
    calibration_trials_per_topology: 1
           test_trials_per_topology: 2
                          elapsed_s: 22.3173
