MATLAB_VERSION=24.1.0.2537033 (R2024a)
RUN_ALL_STAGE2_FINAL_START
PLC CFR project root: /home/chidan/文档/PLC/Code_08_19_Matlab/第一版工作集/matlab_plc_cfr
Frequency grid: 2e+06--3e+07 Hz, 2048 points
Running MATLAB PLC CFR stage-1.5 tests...
  PASS RLGC values at 10 MHz
  PASS strictly-positive finite frequency validation
  PASS nominal sqrt(L/C) checks
  PASS uniform-line determinant AD-BC=1 (max 4.44e-16)
  PASS split-line ABCD cascade equivalence
  PASS no-branch network equals one uniform line
  PASS scalar real/complex, vector, open and short branch loads
  PASS Cañete parallel-RLC frequency-selective network load
  PASS source-port normalization applicability constraints
  PASS scalar and equal frequency-vector network loads agree
  PASS stable recursion matches short-line ABCD complex CFR
  PASS stable long matched-line analytic limit
  PASS stable long-line segmentation invariance
  Long-line legacy ABCD determinant audit:
    L= 300 m kG=1 max=6.35529e-14 median=1.77636e-15 worst=29.247680 MHz legacyReliable=1 CFRrel=1.2333e-15
    L= 500 m kG=1 max=2.9118e-12 median=7.16072e-15 worst=29.234001 MHz legacyReliable=1 CFRrel=9.59981e-16
    L= 800 m kG=1 max=4.69285e-10 median=1.13687e-13 worst=29.343429 MHz legacyReliable=1 CFRrel=1.15587e-15
    L=1200 m kG=1 max=5.3312e-07 median=2.72848e-12 worst=29.316072 MHz legacyReliable=1 CFRrel=1.23259e-15
    L= 300 m kG=5 max=7.84996e-06 median=8.13477e-12 worst=29.986321 MHz legacyReliable=0 CFRrel=1.2947e-15
    L= 500 m kG=5 max=64.6297 median=1.49012e-08 worst=29.835857 MHz legacyReliable=0 CFRrel=1.13731e-15
    L= 800 m kG=5 max=1.55494e+12 median=0.0649521 worst=29.835857 MHz legacyReliable=0 CFRrel=1.22349e-15
    L=1200 m kG=5 max=1.54743e+26 median=9699.29 worst=29.931607 MHz legacyReliable=0 CFRrel=1.10848e-15
  PASS long-line determinant diagnostics and stable physical checks
ALL STAGE-1.5 TESTS PASSED
Running stage-2 OFDM/topology baseline tests...
  PASS known X,H noiseless LS recovery
  PASS noiseless H_hat recovery
  PASS noise NMSE decreases with SNR (0 dB 0.9404, 30 dB 0.0009568)
  PASS IFFT/FFT CFR-CIR consistency
  PASS candidate topology IDs and stable reference CFRs
  PASS fixed-reference topology matching repeatability
  PASS empty/open/short/complex/RLC load cases
ALL STAGE-2 OFDM BASELINE TESTS PASSED
EXP01 参数自检 / parameter sanity
  cable 0 sqrt(L/C)=268.32815730 ohm (nominal 270.00)
  cable 1 sqrt(L/C)=234.21601751 ohm (nominal 234.00)
  10 MHz, kG=5: cable 0 R=0.37947332 ohm/m, G=9.7075213e-05 S/m
  10 MHz, kG=5: cable 1 R=0.29535673 ohm/m, G=0.00010901327 S/m
[Warning: MATLAB has disabled some advanced graphics rendering features by
switching to software OpenGL. For more information, click <a
href="matlab:opengl('problems')">here</a>.] 
EXP08 topology baseline: 6 candidates, 1793 pilot bins
  Experiment A ideal accuracy by feature: amplitude=1.000(group 1.000) phase=1.000(group 1.000) complex=1.000(group 1.000) cir=1.000(group 1.000) amp_phase_joint=1.000(group 1.000)
  SNR=30 dB joint accuracy=0.725 edge F1=0.942 (120 measurements)
    group accuracy=0.900 ambiguous rate=0.383
    CFR estimate NMSE=0.0010008 amplitude RMSE=0.5463 dB phase RMSE=52.086 deg
  SNR=20 dB joint accuracy=0.608 edge F1=0.925 (120 measurements)
    group accuracy=0.792 ambiguous rate=0.350
    CFR estimate NMSE=0.010006 amplitude RMSE=1.431 dB phase RMSE=162.68 deg
  SNR=10 dB joint accuracy=0.267 edge F1=0.879 (120 measurements)
    group accuracy=0.358 ambiguous rate=0.158
    CFR estimate NMSE=0.099727 amplitude RMSE=3.5576 dB phase RMSE=488.35 deg
  SNR=0 dB joint accuracy=0.183 edge F1=0.859 (120 measurements)
    group accuracy=0.192 ambiguous rate=0.033
    CFR estimate NMSE=0.99982 amplitude RMSE=7.0576 dB phase RMSE=1412.7 deg
  Load robustness: joint branch-only accuracy [0.800 0.800 0.800 0.800 0.600 ]
  Parameter robustness: joint accuracy [0.167 0.333 0.333 0.167 0.833 0.833 ]
All tests and experiments completed.
Figures: /home/chidan/文档/PLC/Code_08_19_Matlab/第一版工作集/matlab_plc_cfr/results/figures
Data: /home/chidan/文档/PLC/Code_08_19_Matlab/第一版工作集/matlab_plc_cfr/results/data
RUN_ALL_STAGE2_FINAL_END
