24.1.0.2537033 (R2024a)
  PASS Stage3A dense OFDM CP/FFT/LS noiseless chain
  PASS Stage3A sparse-pilot interpolation dimensions and finite output
  PASS Stage3A white/colored/impulsive noise repeatability
  PASS Stage3A timing and sample-clock impairment interface
  PASS Stage3A observation O labels separate CFR/FDR/input-admittance proxies
  PASS Stage3A.1 high-Z receiver and bounded parameter grid interfaces
  PASS Stage3A explicit RLGC perturbation uses complete network
  PASS Stage3A SISO equivalence and complete multiview observability audit
  PASS Stage3A circular delay is explicitly nonphysical ToA
  PASS explicit circular convolution equivalence (max 3.72e-16, CP coverage 0.727, threshold support 4095 samples)
ALL STAGE-3A TESTS PASSED
  PASS Stage3A.1 audit configuration and nominal/joint interface
  PASS Stage3A.2 linear/CP audit and counterfactual observation interfaces
{Intermediate dot '.' indexing produced a comma-separated list with 4 values,
but it must produce a single value when followed by subsequent indexing
operations.

Error in exp16_stage3a_2_protocol_audit (line 44)
    selected_lambda=calibration_selection.selected_lambda(1);

Error in run_stage3a (line 21)
        result=exp16_stage3a_2_protocol_audit(root);
}
