EXP16 calibration scenario 1/3 kind 1/5 complete
EXP16 calibration scenario 1/3 kind 1/5 complete
EXP16 calibration scenario 1/3 kind 1/5 complete
EXP16 calibration scenario 1/3 kind 1/5 complete
EXP16 calibration scenario 1/3 kind 2/5 complete
EXP16 calibration scenario 1/3 kind 2/5 complete
EXP16 calibration scenario 1/3 kind 2/5 complete
EXP16 calibration scenario 1/3 kind 2/5 complete
EXP16 calibration scenario 1/3 kind 3/5 complete
EXP16 calibration scenario 1/3 kind 3/5 complete
EXP16 calibration scenario 1/3 kind 3/5 complete
EXP16 calibration scenario 1/3 kind 3/5 complete
EXP16 calibration scenario 1/3 kind 4/5 complete
EXP16 calibration scenario 1/3 kind 4/5 complete
EXP16 calibration scenario 1/3 kind 4/5 complete
EXP16 calibration scenario 1/3 kind 4/5 complete
EXP16 calibration scenario 1/3 kind 5/5 complete
EXP16 calibration scenario 1/3 kind 5/5 complete
EXP16 calibration scenario 1/3 kind 5/5 complete
EXP16 calibration scenario 1/3 kind 5/5 complete
EXP16 calibration scenario 2/3 kind 1/5 complete
EXP16 calibration scenario 2/3 kind 1/5 complete
EXP16 calibration scenario 2/3 kind 1/5 complete
EXP16 calibration scenario 2/3 kind 1/5 complete
EXP16 calibration scenario 2/3 kind 2/5 complete
EXP16 calibration scenario 2/3 kind 2/5 complete
EXP16 calibration scenario 2/3 kind 2/5 complete
EXP16 calibration scenario 2/3 kind 2/5 complete
EXP16 calibration scenario 2/3 kind 3/5 complete
EXP16 calibration scenario 2/3 kind 3/5 complete
EXP16 calibration scenario 2/3 kind 3/5 complete
EXP16 calibration scenario 2/3 kind 3/5 complete
EXP16 calibration scenario 2/3 kind 4/5 complete
EXP16 calibration scenario 2/3 kind 4/5 complete
EXP16 calibration scenario 2/3 kind 4/5 complete
EXP16 calibration scenario 2/3 kind 4/5 complete
EXP16 calibration scenario 2/3 kind 5/5 complete
EXP16 calibration scenario 2/3 kind 5/5 complete
EXP16 calibration scenario 2/3 kind 5/5 complete
EXP16 calibration scenario 2/3 kind 5/5 complete
EXP16 calibration scenario 3/3 kind 1/5 complete
EXP16 calibration scenario 3/3 kind 1/5 complete
EXP16 calibration scenario 3/3 kind 1/5 complete
EXP16 calibration scenario 3/3 kind 1/5 complete
EXP16 calibration scenario 3/3 kind 2/5 complete
EXP16 calibration scenario 3/3 kind 2/5 complete
EXP16 calibration scenario 3/3 kind 2/5 complete
EXP16 calibration scenario 3/3 kind 2/5 complete
EXP16 calibration scenario 3/3 kind 3/5 complete
EXP16 calibration scenario 3/3 kind 3/5 complete
EXP16 calibration scenario 3/3 kind 3/5 complete
EXP16 calibration scenario 3/3 kind 3/5 complete
EXP16 calibration scenario 3/3 kind 4/5 complete
EXP16 calibration scenario 3/3 kind 4/5 complete
EXP16 calibration scenario 3/3 kind 4/5 complete
EXP16 calibration scenario 3/3 kind 4/5 complete
EXP16 calibration scenario 3/3 kind 5/5 complete
EXP16 calibration scenario 3/3 kind 5/5 complete
EXP16 calibration scenario 3/3 kind 5/5 complete
EXP16 calibration scenario 3/3 kind 5/5 complete
EXP16 test scenario 1/3 kind 1/5 complete
EXP16 test scenario 1/3 kind 1/5 complete
EXP16 test scenario 1/3 kind 1/5 complete
EXP16 test scenario 1/3 kind 1/5 complete
EXP16 test scenario 1/3 kind 2/5 complete
EXP16 test scenario 1/3 kind 2/5 complete
EXP16 test scenario 1/3 kind 2/5 complete
EXP16 test scenario 1/3 kind 2/5 complete
EXP16 test scenario 1/3 kind 3/5 complete
EXP16 test scenario 1/3 kind 3/5 complete
EXP16 test scenario 1/3 kind 3/5 complete
EXP16 test scenario 1/3 kind 3/5 complete
EXP16 test scenario 1/3 kind 4/5 complete
EXP16 test scenario 1/3 kind 4/5 complete
EXP16 test scenario 1/3 kind 4/5 complete
EXP16 test scenario 1/3 kind 4/5 complete
EXP16 test scenario 1/3 kind 5/5 complete
EXP16 test scenario 1/3 kind 5/5 complete
EXP16 test scenario 1/3 kind 5/5 complete
EXP16 test scenario 1/3 kind 5/5 complete
EXP16 test scenario 2/3 kind 1/5 complete
EXP16 test scenario 2/3 kind 1/5 complete
EXP16 test scenario 2/3 kind 1/5 complete
EXP16 test scenario 2/3 kind 1/5 complete
EXP16 test scenario 2/3 kind 2/5 complete
EXP16 test scenario 2/3 kind 2/5 complete
EXP16 test scenario 2/3 kind 2/5 complete
EXP16 test scenario 2/3 kind 2/5 complete
EXP16 test scenario 2/3 kind 3/5 complete
EXP16 test scenario 2/3 kind 3/5 complete
EXP16 test scenario 2/3 kind 3/5 complete
EXP16 test scenario 2/3 kind 3/5 complete
EXP16 test scenario 2/3 kind 4/5 complete
EXP16 test scenario 2/3 kind 4/5 complete
EXP16 test scenario 2/3 kind 4/5 complete
EXP16 test scenario 2/3 kind 4/5 complete
EXP16 test scenario 2/3 kind 5/5 complete
EXP16 test scenario 2/3 kind 5/5 complete
EXP16 test scenario 2/3 kind 5/5 complete
EXP16 test scenario 2/3 kind 5/5 complete
EXP16 test scenario 3/3 kind 1/5 complete
EXP16 test scenario 3/3 kind 1/5 complete
EXP16 test scenario 3/3 kind 1/5 complete
EXP16 test scenario 3/3 kind 1/5 complete
EXP16 test scenario 3/3 kind 2/5 complete
EXP16 test scenario 3/3 kind 2/5 complete
EXP16 test scenario 3/3 kind 2/5 complete
EXP16 test scenario 3/3 kind 2/5 complete
EXP16 test scenario 3/3 kind 3/5 complete
EXP16 test scenario 3/3 kind 3/5 complete
EXP16 test scenario 3/3 kind 3/5 complete
EXP16 test scenario 3/3 kind 3/5 complete
EXP16 test scenario 3/3 kind 4/5 complete
EXP16 test scenario 3/3 kind 4/5 complete
EXP16 test scenario 3/3 kind 4/5 complete
EXP16 test scenario 3/3 kind 4/5 complete
EXP16 test scenario 3/3 kind 5/5 complete
EXP16 test scenario 3/3 kind 5/5 complete
EXP16 test scenario 3/3 kind 5/5 complete
EXP16 test scenario 3/3 kind 5/5 complete
[Warning: MATLAB has disabled some advanced graphics rendering features by
switching to software OpenGL. For more information, click <a
href="matlab:opengl('problems')">here</a>.]
EXP16 Stage 3A.2 protocol audit completed: calibration=2400 test=9000 lambda=0 elapsed=155.038 s
                               mode: 'stage3a_2_protocol'
                   calibration_rows: 2400
                          test_rows: 9000
                       summary_rows: 105
                     confusion_rows: 219
                    selected_lambda: 0
                          grid_size: 27
    calibration_trials_per_topology: 10
           test_trials_per_topology: 50
                          elapsed_s: 155.0376

EXP16 calibration scenario 1/3 kind 1/5 complete
EXP16 calibration scenario 1/3 kind 1/5 complete
EXP16 calibration scenario 1/3 kind 1/5 complete
EXP16 calibration scenario 1/3 kind 1/5 complete
EXP16 calibration scenario 1/3 kind 2/5 complete
EXP16 calibration scenario 1/3 kind 2/5 complete
EXP16 calibration scenario 1/3 kind 2/5 complete
EXP16 calibration scenario 1/3 kind 2/5 complete
EXP16 calibration scenario 1/3 kind 3/5 complete
EXP16 calibration scenario 1/3 kind 3/5 complete
EXP16 calibration scenario 1/3 kind 3/5 complete
EXP16 calibration scenario 1/3 kind 3/5 complete
EXP16 calibration scenario 1/3 kind 4/5 complete
EXP16 calibration scenario 1/3 kind 4/5 complete
EXP16 calibration scenario 1/3 kind 4/5 complete
EXP16 calibration scenario 1/3 kind 4/5 complete
EXP16 calibration scenario 1/3 kind 5/5 complete
EXP16 calibration scenario 1/3 kind 5/5 complete
EXP16 calibration scenario 1/3 kind 5/5 complete
EXP16 calibration scenario 1/3 kind 5/5 complete
EXP16 calibration scenario 2/3 kind 1/5 complete
EXP16 calibration scenario 2/3 kind 1/5 complete
EXP16 calibration scenario 2/3 kind 1/5 complete
EXP16 calibration scenario 2/3 kind 1/5 complete
EXP16 calibration scenario 2/3 kind 2/5 complete
EXP16 calibration scenario 2/3 kind 2/5 complete
EXP16 calibration scenario 2/3 kind 2/5 complete
EXP16 calibration scenario 2/3 kind 2/5 complete
EXP16 calibration scenario 2/3 kind 3/5 complete
EXP16 calibration scenario 2/3 kind 3/5 complete
EXP16 calibration scenario 2/3 kind 3/5 complete
EXP16 calibration scenario 2/3 kind 3/5 complete
EXP16 calibration scenario 2/3 kind 4/5 complete
EXP16 calibration scenario 2/3 kind 4/5 complete
EXP16 calibration scenario 2/3 kind 4/5 complete
EXP16 calibration scenario 2/3 kind 4/5 complete
EXP16 calibration scenario 2/3 kind 5/5 complete
EXP16 calibration scenario 2/3 kind 5/5 complete
EXP16 calibration scenario 2/3 kind 5/5 complete
EXP16 calibration scenario 2/3 kind 5/5 complete
EXP16 calibration scenario 3/3 kind 1/5 complete
EXP16 calibration scenario 3/3 kind 1/5 complete
EXP16 calibration scenario 3/3 kind 1/5 complete
EXP16 calibration scenario 3/3 kind 1/5 complete
EXP16 calibration scenario 3/3 kind 2/5 complete
EXP16 calibration scenario 3/3 kind 2/5 complete
EXP16 calibration scenario 3/3 kind 2/5 complete
EXP16 calibration scenario 3/3 kind 2/5 complete
EXP16 calibration scenario 3/3 kind 3/5 complete
EXP16 calibration scenario 3/3 kind 3/5 complete
EXP16 calibration scenario 3/3 kind 3/5 complete
EXP16 calibration scenario 3/3 kind 3/5 complete
EXP16 calibration scenario 3/3 kind 4/5 complete
EXP16 calibration scenario 3/3 kind 4/5 complete
EXP16 calibration scenario 3/3 kind 4/5 complete
EXP16 calibration scenario 3/3 kind 4/5 complete
EXP16 calibration scenario 3/3 kind 5/5 complete
EXP16 calibration scenario 3/3 kind 5/5 complete
EXP16 calibration scenario 3/3 kind 5/5 complete
EXP16 calibration scenario 3/3 kind 5/5 complete
EXP16 test scenario 1/3 kind 1/5 complete
EXP16 test scenario 1/3 kind 1/5 complete
EXP16 test scenario 1/3 kind 1/5 complete
EXP16 test scenario 1/3 kind 1/5 complete
EXP16 test scenario 1/3 kind 2/5 complete
EXP16 test scenario 1/3 kind 2/5 complete
EXP16 test scenario 1/3 kind 2/5 complete
EXP16 test scenario 1/3 kind 2/5 complete
EXP16 test scenario 1/3 kind 3/5 complete
EXP16 test scenario 1/3 kind 3/5 complete
EXP16 test scenario 1/3 kind 3/5 complete
EXP16 test scenario 1/3 kind 3/5 complete
EXP16 test scenario 1/3 kind 4/5 complete
EXP16 test scenario 1/3 kind 4/5 complete
EXP16 test scenario 1/3 kind 4/5 complete
EXP16 test scenario 1/3 kind 4/5 complete
EXP16 test scenario 1/3 kind 5/5 complete
EXP16 test scenario 1/3 kind 5/5 complete
EXP16 test scenario 1/3 kind 5/5 complete
EXP16 test scenario 1/3 kind 5/5 complete
EXP16 test scenario 2/3 kind 1/5 complete
EXP16 test scenario 2/3 kind 1/5 complete
EXP16 test scenario 2/3 kind 1/5 complete
EXP16 test scenario 2/3 kind 1/5 complete
EXP16 test scenario 2/3 kind 2/5 complete
EXP16 test scenario 2/3 kind 2/5 complete
EXP16 test scenario 2/3 kind 2/5 complete
EXP16 test scenario 2/3 kind 2/5 complete
EXP16 test scenario 2/3 kind 3/5 complete
EXP16 test scenario 2/3 kind 3/5 complete
EXP16 test scenario 2/3 kind 3/5 complete
EXP16 test scenario 2/3 kind 3/5 complete
EXP16 test scenario 2/3 kind 4/5 complete
EXP16 test scenario 2/3 kind 4/5 complete
EXP16 test scenario 2/3 kind 4/5 complete
EXP16 test scenario 2/3 kind 4/5 complete
EXP16 test scenario 2/3 kind 5/5 complete
EXP16 test scenario 2/3 kind 5/5 complete
EXP16 test scenario 2/3 kind 5/5 complete
EXP16 test scenario 2/3 kind 5/5 complete
EXP16 test scenario 3/3 kind 1/5 complete
EXP16 test scenario 3/3 kind 1/5 complete
EXP16 test scenario 3/3 kind 1/5 complete
EXP16 test scenario 3/3 kind 1/5 complete
EXP16 test scenario 3/3 kind 2/5 complete
EXP16 test scenario 3/3 kind 2/5 complete
EXP16 test scenario 3/3 kind 2/5 complete
EXP16 test scenario 3/3 kind 2/5 complete
EXP16 test scenario 3/3 kind 3/5 complete
EXP16 test scenario 3/3 kind 3/5 complete
EXP16 test scenario 3/3 kind 3/5 complete
EXP16 test scenario 3/3 kind 3/5 complete
EXP16 test scenario 3/3 kind 4/5 complete
EXP16 test scenario 3/3 kind 4/5 complete
EXP16 test scenario 3/3 kind 4/5 complete
EXP16 test scenario 3/3 kind 4/5 complete
EXP16 test scenario 3/3 kind 5/5 complete
EXP16 test scenario 3/3 kind 5/5 complete
EXP16 test scenario 3/3 kind 5/5 complete
EXP16 test scenario 3/3 kind 5/5 complete
[Warning: MATLAB has disabled some advanced graphics rendering features by
switching to software OpenGL. For more information, click <a
href="matlab:opengl('problems')">here</a>.]
EXP16 Stage 3A.2 protocol audit completed: calibration=2400 test=9000 lambda=0 elapsed=162.953 s
                               mode: 'stage3a_2_protocol'
                   calibration_rows: 2400
                          test_rows: 9000
                       summary_rows: 105
                     confusion_rows: 220
                    selected_lambda: 0
                          grid_size: 27
    calibration_trials_per_topology: 10
           test_trials_per_topology: 50
                          elapsed_s: 162.9528
