    method_id = m
    category = in_domain_interior
    nominal_row_count = 2
    unique_physical_scenario_count = 1
    duplicate_observation_count = 1
    effective_denominator = 1
    topology_set_accuracy = 1
    topology_set_ci_low = 0.2065
    topology_set_ci_high = 1
    strict_unique_accuracy = 1
    strict_ci_low = 0.2065
    strict_ci_high = 1
    false_unique_numerator = 0
    false_unique_denominator = 0
    false_unique_rate = NaN
    ood_recall = NaN
    ood_ci_low = NaN
    ood_ci_high = NaN
    ood_false_accept_rate = NaN
    ood_fa_ci_low = NaN
    ood_fa_ci_high = NaN
    in_domain_false_alarm = 0
    in_fa_ci_low = 0
    in_fa_ci_high = 0.7935
    indeterminate_rate = 1
    ind_ci_low = 0.2065
    ind_ci_high = 1
    coverage = 0
    coverage_ci_low = 0
    coverage_ci_high = 0.7935
    selective_risk = NaN
    risk_ci_low = NaN
    risk_ci_high = NaN
    accepted_count = 1
error: ignoring const execution_exception& while preparing to exit
