R.1 on_grid L=0.0001 m R=1: 200 test samples, 0.74 s elapsed.
R.1 on_grid L=0.0001 m R=4: 200 test samples, 0.82 s elapsed.
R.1 on_grid L=0.0001 m R=16: 200 test samples, 0.89 s elapsed.
R.1 on_grid L=0.0001 m R=64: 200 test samples, 0.96 s elapsed.
R.1 on_grid L=0.0001 m R=256: 200 test samples, 1.03 s elapsed.
R.1 on_grid L=0.0001 m R=1024: 200 test samples, 1.09 s elapsed.
R.1 off_grid L=0.0001 m R=1: 200 test samples, 1.52 s elapsed.
R.1 off_grid L=0.0001 m R=4: 200 test samples, 1.59 s elapsed.
R.1 off_grid L=0.0001 m R=16: 200 test samples, 1.65 s elapsed.
R.1 off_grid L=0.0001 m R=64: 200 test samples, 1.72 s elapsed.
R.1 off_grid L=0.0001 m R=256: 200 test samples, 1.79 s elapsed.
R.1 off_grid L=0.0001 m R=1024: 200 test samples, 1.87 s elapsed.
R.1 on_grid L=0.00025 m R=1: 200 test samples, 2.25 s elapsed.
R.1 on_grid L=0.00025 m R=4: 200 test samples, 2.31 s elapsed.
R.1 on_grid L=0.00025 m R=16: 200 test samples, 2.37 s elapsed.
R.1 on_grid L=0.00025 m R=64: 200 test samples, 2.43 s elapsed.
R.1 on_grid L=0.00025 m R=256: 200 test samples, 2.49 s elapsed.
R.1 on_grid L=0.00025 m R=1024: 200 test samples, 2.55 s elapsed.
R.1 off_grid L=0.00025 m R=1: 200 test samples, 2.88 s elapsed.
R.1 off_grid L=0.00025 m R=4: 200 test samples, 2.94 s elapsed.
R.1 off_grid L=0.00025 m R=16: 200 test samples, 3.00 s elapsed.
R.1 off_grid L=0.00025 m R=64: 200 test samples, 3.07 s elapsed.
R.1 off_grid L=0.00025 m R=256: 200 test samples, 3.13 s elapsed.
R.1 off_grid L=0.00025 m R=1024: 200 test samples, 3.19 s elapsed.
R.1 on_grid L=0.0005 m R=1: 200 test samples, 3.57 s elapsed.
R.1 on_grid L=0.0005 m R=4: 200 test samples, 3.63 s elapsed.
R.1 on_grid L=0.0005 m R=16: 200 test samples, 3.69 s elapsed.
R.1 on_grid L=0.0005 m R=64: 200 test samples, 3.76 s elapsed.
R.1 on_grid L=0.0005 m R=256: 200 test samples, 3.83 s elapsed.
R.1 on_grid L=0.0005 m R=1024: 200 test samples, 3.89 s elapsed.
R.1 off_grid L=0.0005 m R=1: 200 test samples, 4.21 s elapsed.
R.1 off_grid L=0.0005 m R=4: 200 test samples, 4.27 s elapsed.
R.1 off_grid L=0.0005 m R=16: 200 test samples, 4.34 s elapsed.
R.1 off_grid L=0.0005 m R=64: 200 test samples, 4.40 s elapsed.
R.1 off_grid L=0.0005 m R=256: 200 test samples, 4.46 s elapsed.
R.1 off_grid L=0.0005 m R=1024: 200 test samples, 4.52 s elapsed.
R.1 on_grid L=0.001 m R=1: 200 test samples, 4.87 s elapsed.
R.1 on_grid L=0.001 m R=4: 200 test samples, 4.93 s elapsed.
R.1 on_grid L=0.001 m R=16: 200 test samples, 5.00 s elapsed.
R.1 on_grid L=0.001 m R=64: 200 test samples, 5.06 s elapsed.
R.1 on_grid L=0.001 m R=256: 200 test samples, 5.12 s elapsed.
R.1 on_grid L=0.001 m R=1024: 200 test samples, 5.18 s elapsed.
R.1 off_grid L=0.001 m R=1: 200 test samples, 5.50 s elapsed.
R.1 off_grid L=0.001 m R=4: 200 test samples, 5.56 s elapsed.
R.1 off_grid L=0.001 m R=16: 200 test samples, 5.62 s elapsed.
R.1 off_grid L=0.001 m R=64: 200 test samples, 5.68 s elapsed.
R.1 off_grid L=0.001 m R=256: 200 test samples, 5.74 s elapsed.
R.1 off_grid L=0.001 m R=1024: 200 test samples, 5.80 s elapsed.
R.1 on_grid L=0.002 m R=1: 200 test samples, 6.20 s elapsed.
R.1 on_grid L=0.002 m R=4: 200 test samples, 6.26 s elapsed.
R.1 on_grid L=0.002 m R=16: 200 test samples, 6.32 s elapsed.
R.1 on_grid L=0.002 m R=64: 200 test samples, 6.38 s elapsed.
R.1 on_grid L=0.002 m R=256: 200 test samples, 6.43 s elapsed.
R.1 on_grid L=0.002 m R=1024: 200 test samples, 6.49 s elapsed.
R.1 off_grid L=0.002 m R=1: 200 test samples, 6.83 s elapsed.
R.1 off_grid L=0.002 m R=4: 200 test samples, 6.89 s elapsed.
R.1 off_grid L=0.002 m R=16: 200 test samples, 6.97 s elapsed.
R.1 off_grid L=0.002 m R=64: 200 test samples, 7.03 s elapsed.
R.1 off_grid L=0.002 m R=256: 200 test samples, 7.10 s elapsed.
R.1 off_grid L=0.002 m R=1024: 200 test samples, 7.17 s elapsed.
R.1 on_grid L=0.005 m R=1: 200 test samples, 7.52 s elapsed.
R.1 on_grid L=0.005 m R=4: 200 test samples, 7.59 s elapsed.
R.1 on_grid L=0.005 m R=16: 200 test samples, 7.65 s elapsed.
R.1 on_grid L=0.005 m R=64: 200 test samples, 7.71 s elapsed.
R.1 on_grid L=0.005 m R=256: 200 test samples, 7.77 s elapsed.
R.1 on_grid L=0.005 m R=1024: 200 test samples, 7.83 s elapsed.
R.1 off_grid L=0.005 m R=1: 200 test samples, 8.17 s elapsed.
R.1 off_grid L=0.005 m R=4: 200 test samples, 8.24 s elapsed.
R.1 off_grid L=0.005 m R=16: 200 test samples, 8.30 s elapsed.
R.1 off_grid L=0.005 m R=64: 200 test samples, 8.36 s elapsed.
R.1 off_grid L=0.005 m R=256: 200 test samples, 8.42 s elapsed.
R.1 off_grid L=0.005 m R=1024: 200 test samples, 8.49 s elapsed.
R.1 on_grid L=0.01 m R=1: 200 test samples, 8.85 s elapsed.
R.1 on_grid L=0.01 m R=4: 200 test samples, 8.92 s elapsed.
R.1 on_grid L=0.01 m R=16: 200 test samples, 8.98 s elapsed.
R.1 on_grid L=0.01 m R=64: 200 test samples, 9.04 s elapsed.
R.1 on_grid L=0.01 m R=256: 200 test samples, 9.10 s elapsed.
R.1 on_grid L=0.01 m R=1024: 200 test samples, 9.16 s elapsed.
R.1 off_grid L=0.01 m R=1: 200 test samples, 9.55 s elapsed.
R.1 off_grid L=0.01 m R=4: 200 test samples, 9.61 s elapsed.
R.1 off_grid L=0.01 m R=16: 200 test samples, 9.67 s elapsed.
R.1 off_grid L=0.01 m R=64: 200 test samples, 9.73 s elapsed.
R.1 off_grid L=0.01 m R=256: 200 test samples, 9.79 s elapsed.
R.1 off_grid L=0.01 m R=1024: 200 test samples, 9.85 s elapsed.
Stage 7A.4-R.1 formal completed: 33600 sample-method rows, 15.402 s.
PASS test_stage7a4_impedance_resolution(formal): 33600 sample-method rows
   15.4020
