SCORE_WALL_S=4.017957000; CANDIDATES=37; OPT_EVAL=1773; BANK_S=3.249544000
PROFILE stage7a5_profile | calls=4 | total_s=3.916144000
PROFILE stage7a5_profile>expected_search_identity | calls=4 | total_s=0.048046000
PROFILE stage7a5_profile>objective | calls=1773 | total_s=3.470105000
PROFILE stage7a5_holdout_stat | calls=1 | total_s=0.003293000
PROFILE plc_full_network_response>validate_nodes | calls=3548 | total_s=0.089233000
PROFILE stage7a4_forward_state | calls=1774 | total_s=3.316630000
PROFILE plc_full_network_response>network_graph | calls=1774 | total_s=0.923833000
PROFILE plc_full_network_response | calls=1774 | total_s=3.033464000
PROFILE plc_full_network_response>get_field | calls=7096 | total_s=0.049225000
PROFILE plc_full_network_response>@(k)sprintf('M%d',k-1) | calls=9898 | total_s=0.101264000
PROFILE plc_full_network_response>normalize_receiver_loads | calls=1774 | total_s=0.026927000
PROFILE plc_full_network_response>add_shunt_load | calls=5856 | total_s=0.100726000
PROFILE plc_full_network_response>expand_impedance | calls=7630 | total_s=0.030418000
PROFILE cable_rlgc | calls=16288 | total_s=0.296292000
PROFILE plc_full_network_response>impedance_to_admittance | calls=4082 | total_s=0.040320000
PROFILE stage7a5_profile>@(m,l)objective(m,l,observed,views,sigma,frequency_indices,pool(k).network,base,cfg) | calls=1773 | total_s=3.488537000
PROFILE stage7a5_profile>@(m)fun(m,initial(2)) | calls=425 | total_s=0.949266000
PROFILE stage7a5_profile>@(l)fun(m1,l) | calls=923 | total_s=1.754821000
PROFILE stage7a5_profile>@(m)fun(m,l1) | calls=425 | total_s=0.803637000
PROFILE stage7a7_graph_edit_neighbors | calls=4 | total_s=0.017742000
PROFILE stage7a7_graph_edit_neighbors>features | calls=148 | total_s=0.008678000
